Archive member included to satisfy reference by file (symbol)

../led_accelerometer_bsp/\libhal_bsp.a(alt_irq_register.o)
                              obj/default/led_accelerometer_main.o (alt_irq_register)
../led_accelerometer_bsp/\libhal_bsp.a(alt_irq_vars.o)
                              ../led_accelerometer_bsp/\libhal_bsp.a(alt_irq_register.o) (alt_irq_active)
../led_accelerometer_bsp/\libhal_bsp.a(alt_load.o)
                              ../led_accelerometer_bsp//obj/HAL/src/crt0.o (alt_load)
../led_accelerometer_bsp/\libhal_bsp.a(alt_main.o)
                              ../led_accelerometer_bsp//obj/HAL/src/crt0.o (alt_main)
../led_accelerometer_bsp/\libhal_bsp.a(alt_sys_init.o)
                              ../led_accelerometer_bsp/\libhal_bsp.a(alt_main.o) (alt_irq_init)
../led_accelerometer_bsp/\libhal_bsp.a(altera_up_avalon_accelerometer_spi.o)
                              obj/default/led_accelerometer_main.o (alt_up_accelerometer_spi_open_dev)
../led_accelerometer_bsp/\libhal_bsp.a(alt_dcache_flush_all.o)
                              ../led_accelerometer_bsp/\libhal_bsp.a(alt_load.o) (alt_dcache_flush_all)
../led_accelerometer_bsp/\libhal_bsp.a(alt_dev.o)
                              ../led_accelerometer_bsp/\libhal_bsp.a(alt_sys_init.o) (alt_dev_list)
../led_accelerometer_bsp/\libhal_bsp.a(alt_dev_llist_insert.o)
                              ../led_accelerometer_bsp/\libhal_bsp.a(alt_sys_init.o) (alt_dev_llist_insert)
../led_accelerometer_bsp/\libhal_bsp.a(alt_errno.o)
                              ../led_accelerometer_bsp/\libhal_bsp.a(alt_dev_llist_insert.o) (alt_errno)
../led_accelerometer_bsp/\libhal_bsp.a(alt_find_dev.o)
                              ../led_accelerometer_bsp/\libhal_bsp.a(altera_up_avalon_accelerometer_spi.o) (alt_find_dev)
../led_accelerometer_bsp/\libhal_bsp.a(alt_icache_flush_all.o)
                              ../led_accelerometer_bsp/\libhal_bsp.a(alt_load.o) (alt_icache_flush_all)
../led_accelerometer_bsp/\libhal_bsp.a(alt_irq_entry.o)
                              ../led_accelerometer_bsp/\libhal_bsp.a(alt_irq_register.o) (alt_irq_entry)
../led_accelerometer_bsp/\libhal_bsp.a(alt_irq_handler.o)
                              ../led_accelerometer_bsp/\libhal_bsp.a(alt_irq_register.o) (alt_irq_handler)
../led_accelerometer_bsp/\libhal_bsp.a(altera_nios2_gen2_irq.o)
                              ../led_accelerometer_bsp/\libhal_bsp.a(alt_sys_init.o) (altera_nios2_gen2_irq_init)
../led_accelerometer_bsp/\libhal_bsp.a(alt_exception_entry.o)
                              ../led_accelerometer_bsp/\libhal_bsp.a(alt_irq_entry.o) (alt_exception)
../led_accelerometer_bsp/\libhal_bsp.a(alt_instruction_exception_entry.o)
                              ../led_accelerometer_bsp/\libhal_bsp.a(alt_exception_entry.o) (alt_instruction_exception_entry)
c:/intelfpga_lite/18.1/nios2eds/bin/gnu/h-x86_64-mingw32/bin/../lib/gcc/nios2-elf/5.3.0/../../../../../H-x86_64-mingw32/nios2-elf/lib/mno-hw-mul\libsmallc.a(lib_a-int_errno.o)
                              ../led_accelerometer_bsp/\libhal_bsp.a(alt_dev_llist_insert.o) (errno)
c:/intelfpga_lite/18.1/nios2eds/bin/gnu/h-x86_64-mingw32/bin/../lib/gcc/nios2-elf/5.3.0/../../../../../H-x86_64-mingw32/nios2-elf/lib/mno-hw-mul\libsmallc.a(lib_a-memcmp.o)
                              ../led_accelerometer_bsp/\libhal_bsp.a(alt_find_dev.o) (memcmp)
c:/intelfpga_lite/18.1/nios2eds/bin/gnu/h-x86_64-mingw32/bin/../lib/gcc/nios2-elf/5.3.0/../../../../../H-x86_64-mingw32/nios2-elf/lib/mno-hw-mul\libsmallc.a(lib_a-strlen.o)
                              ../led_accelerometer_bsp/\libhal_bsp.a(alt_find_dev.o) (strlen)

Allocating common symbols
Common symbol       size              file

alt_irq             0x100             ../led_accelerometer_bsp/\libhal_bsp.a(alt_irq_handler.o)
errno               0x4               c:/intelfpga_lite/18.1/nios2eds/bin/gnu/h-x86_64-mingw32/bin/../lib/gcc/nios2-elf/5.3.0/../../../../../H-x86_64-mingw32/nios2-elf/lib/mno-hw-mul\libsmallc.a(lib_a-int_errno.o)
led                 0x1               obj/default/led_accelerometer_main.o
level               0x4               obj/default/led_accelerometer_main.o

Memory Configuration

Name             Origin             Length             Attributes
reset            0x0000000000010000 0x0000000000000020
onchip_memory    0x0000000000010020 0x000000000000ffe0
*default*        0x0000000000000000 0xffffffffffffffff

Linker script and memory map

LOAD ../led_accelerometer_bsp//obj/HAL/src/crt0.o
LOAD obj/default/led_accelerometer_main.o
LOAD c:/intelfpga_lite/18.1/nios2eds/bin/gnu/h-x86_64-mingw32/bin/../lib/gcc/nios2-elf/5.3.0/../../../../../H-x86_64-mingw32/nios2-elf/lib/mno-hw-mul\libstdc++.a
LOAD c:/intelfpga_lite/18.1/nios2eds/bin/gnu/h-x86_64-mingw32/bin/../lib/gcc/nios2-elf/5.3.0/../../../../../H-x86_64-mingw32/nios2-elf/lib/mno-hw-mul\libm.a
LOAD c:/intelfpga_lite/18.1/nios2eds/bin/gnu/h-x86_64-mingw32/bin/../lib/gcc/nios2-elf/5.3.0/mno-hw-mul\libgcc.a
START GROUP
LOAD c:/intelfpga_lite/18.1/nios2eds/bin/gnu/h-x86_64-mingw32/bin/../lib/gcc/nios2-elf/5.3.0/../../../../../H-x86_64-mingw32/nios2-elf/lib/mno-hw-mul\libsmallc.a
LOAD c:/intelfpga_lite/18.1/nios2eds/bin/gnu/h-x86_64-mingw32/bin/../lib/gcc/nios2-elf/5.3.0/mno-hw-mul\libgcc.a
LOAD ../led_accelerometer_bsp/\libhal_bsp.a
LOAD c:/intelfpga_lite/18.1/nios2eds/bin/gnu/h-x86_64-mingw32/bin/../lib/gcc/nios2-elf/5.3.0/../../../../../H-x86_64-mingw32/nios2-elf/lib/mno-hw-mul\libm.a
END GROUP
LOAD c:/intelfpga_lite/18.1/nios2eds/bin/gnu/h-x86_64-mingw32/bin/../lib/gcc/nios2-elf/5.3.0/mno-hw-mul\libgcc.a
                0x0000000000010000                __alt_mem_onchip_memory = 0x10000

.entry          0x0000000000010000       0x20
 *(.entry)
 .entry         0x0000000000010000       0x20 ../led_accelerometer_bsp//obj/HAL/src/crt0.o
                0x0000000000010000                __reset
                0x000000000001000c                _exit

.exceptions     0x0000000000010020      0x160
                0x0000000000010020                PROVIDE (__ram_exceptions_start, ABSOLUTE (.))
                0x0000000000010020                . = ALIGN (0x20)
 *(.irq)
 *(.exceptions.entry.label)
 .exceptions.entry.label
                0x0000000000010020        0x0 ../led_accelerometer_bsp/\libhal_bsp.a(alt_irq_entry.o)
                0x0000000000010020                alt_irq_entry
 .exceptions.entry.label
                0x0000000000010020        0x0 ../led_accelerometer_bsp/\libhal_bsp.a(alt_exception_entry.o)
                0x0000000000010020                alt_exception
 *(.exceptions.entry.user)
 *(.exceptions.entry.ecc_fatal)
 *(.exceptions.entry)
 .exceptions.entry
                0x0000000000010020       0x54 ../led_accelerometer_bsp/\libhal_bsp.a(alt_exception_entry.o)
 *(.exceptions.irqtest.user)
 *(.exceptions.irqtest)
 .exceptions.irqtest
                0x0000000000010074       0x10 ../led_accelerometer_bsp/\libhal_bsp.a(alt_irq_entry.o)
 *(.exceptions.irqhandler.user)
 *(.exceptions.irqhandler)
 .exceptions.irqhandler
                0x0000000000010084        0x4 ../led_accelerometer_bsp/\libhal_bsp.a(alt_irq_entry.o)
 *(.exceptions.irqreturn.user)
 *(.exceptions.irqreturn)
 .exceptions.irqreturn
                0x0000000000010088        0x4 ../led_accelerometer_bsp/\libhal_bsp.a(alt_irq_entry.o)
 *(.exceptions.notirq.label)
 .exceptions.notirq.label
                0x000000000001008c        0x0 ../led_accelerometer_bsp/\libhal_bsp.a(alt_irq_entry.o)
 *(.exceptions.notirq.user)
 *(.exceptions.notirq)
 .exceptions.notirq
                0x000000000001008c        0x8 ../led_accelerometer_bsp/\libhal_bsp.a(alt_exception_entry.o)
 *(.exceptions.soft.user)
 *(.exceptions.soft)
 *(.exceptions.unknown.user)
 *(.exceptions.unknown)
 .exceptions.unknown
                0x0000000000010094       0x14 ../led_accelerometer_bsp/\libhal_bsp.a(alt_exception_entry.o)
 *(.exceptions.exit.label)
 .exceptions.exit.label
                0x00000000000100a8        0x0 ../led_accelerometer_bsp/\libhal_bsp.a(alt_irq_entry.o)
 .exceptions.exit.label
                0x00000000000100a8        0x0 ../led_accelerometer_bsp/\libhal_bsp.a(alt_exception_entry.o)
 *(.exceptions.exit.user)
 *(.exceptions.exit)
 .exceptions.exit
                0x00000000000100a8       0x54 ../led_accelerometer_bsp/\libhal_bsp.a(alt_exception_entry.o)
 *(.exceptions)
 .exceptions    0x00000000000100fc       0x60 ../led_accelerometer_bsp/\libhal_bsp.a(alt_irq_handler.o)
                0x00000000000100fc                alt_irq_handler
 .exceptions    0x000000000001015c       0x24 ../led_accelerometer_bsp/\libhal_bsp.a(alt_instruction_exception_entry.o)
                0x000000000001015c                alt_instruction_exception_entry
                0x0000000000010180                PROVIDE (__ram_exceptions_end, ABSOLUTE (.))
                0x0000000000010020                PROVIDE (__flash_exceptions_start, LOADADDR (.exceptions))

.text           0x0000000000010180      0x6bc
                [!provide]                        PROVIDE (stext, ABSOLUTE (.))
 *(.interp)
 *(.hash)
 *(.dynsym)
 *(.dynstr)
 *(.gnu.version)
 *(.gnu.version_d)
 *(.gnu.version_r)
 *(.rel.init)
 *(.rela.init)
 *(.rel.text .rel.text.* .rel.gnu.linkonce.t.*)
 *(.rela.text .rela.text.* .rela.gnu.linkonce.t.*)
 *(.rel.fini)
 *(.rela.fini)
 *(.rel.rodata .rel.rodata.* .rel.gnu.linkonce.r.*)
 *(.rela.rodata .rela.rodata.* .rela.gnu.linkonce.r.*)
 *(.rel.data .rel.data.* .rel.gnu.linkonce.d.*)
 *(.rela.data .rela.data.* .rela.gnu.linkonce.d.*)
 *(.rel.tdata .rel.tdata.* .rel.gnu.linkonce.td.*)
 *(.rela.tdata .rela.tdata.* .rela.gnu.linkonce.td.*)
 *(.rel.tbss .rel.tbss.* .rel.gnu.linkonce.tb.*)
 *(.rela.tbss .rela.tbss.* .rela.gnu.linkonce.tb.*)
 *(.rel.ctors)
 *(.rela.ctors)
 *(.rel.dtors)
 *(.rela.dtors)
 *(.rel.got)
 *(.rela.got)
 *(.rel.sdata .rel.sdata.* .rel.gnu.linkonce.s.*)
 *(.rela.sdata .rela.sdata.* .rela.gnu.linkonce.s.*)
 *(.rel.sbss .rel.sbss.* .rel.gnu.linkonce.sb.*)
 *(.rela.sbss .rela.sbss.* .rela.gnu.linkonce.sb.*)
 *(.rel.sdata2 .rel.sdata2.* .rel.gnu.linkonce.s2.*)
 *(.rela.sdata2 .rela.sdata2.* .rela.gnu.linkonce.s2.*)
 *(.rel.sbss2 .rel.sbss2.* .rel.gnu.linkonce.sb2.*)
 *(.rela.sbss2 .rela.sbss2.* .rela.gnu.linkonce.sb2.*)
 *(.rel.bss .rel.bss.* .rel.gnu.linkonce.b.*)
 *(.rela.bss .rela.bss.* .rela.gnu.linkonce.b.*)
 *(.rel.plt)
 *(.rela.plt)
 *(.rel.dyn)
 *(.init)
 *(.plt)
 *(.text .stub .text.* .gnu.linkonce.t.*)
 .text          0x0000000000010180       0x3c ../led_accelerometer_bsp//obj/HAL/src/crt0.o
                0x0000000000010180                _start
 .text          0x00000000000101bc      0x138 obj/default/led_accelerometer_main.o
                0x00000000000101bc                sys_timer_isr
                0x000000000001023c                led_write
                0x0000000000010250                convert_read
                0x0000000000010284                timer_init
 .text.startup  0x00000000000102f4       0x60 obj/default/led_accelerometer_main.o
                0x00000000000102f4                main
 .text          0x0000000000010354       0x94 ../led_accelerometer_bsp/\libhal_bsp.a(alt_irq_register.o)
                0x0000000000010354                alt_irq_register
 .text          0x00000000000103e8        0x0 ../led_accelerometer_bsp/\libhal_bsp.a(alt_irq_vars.o)
 .text          0x00000000000103e8       0xe0 ../led_accelerometer_bsp/\libhal_bsp.a(alt_load.o)
                0x00000000000103e8                alt_load
 .text          0x00000000000104c8       0x2c ../led_accelerometer_bsp/\libhal_bsp.a(alt_main.o)
                0x00000000000104c8                alt_main
 .text          0x00000000000104f4       0x30 ../led_accelerometer_bsp/\libhal_bsp.a(alt_sys_init.o)
                0x00000000000104f4                alt_irq_init
                0x0000000000010514                alt_sys_init
 .text          0x0000000000010524      0x160 ../led_accelerometer_bsp/\libhal_bsp.a(altera_up_avalon_accelerometer_spi.o)
                0x0000000000010524                alt_up_accelerometer_spi_open_dev
                0x000000000001052c                alt_up_accelerometer_spi_read_address_register
                0x0000000000010540                alt_up_accelerometer_spi_read
                0x0000000000010560                alt_up_accelerometer_spi_write
                0x000000000001057c                alt_up_accelerometer_spi_read_x_axis
                0x00000000000105d4                alt_up_accelerometer_spi_read_y_axis
                0x000000000001062c                alt_up_accelerometer_spi_read_z_axis
 .text          0x0000000000010684        0x4 ../led_accelerometer_bsp/\libhal_bsp.a(alt_dcache_flush_all.o)
                0x0000000000010684                alt_dcache_flush_all
 .text          0x0000000000010688        0x8 ../led_accelerometer_bsp/\libhal_bsp.a(alt_dev.o)
 .text          0x0000000000010690       0x6c ../led_accelerometer_bsp/\libhal_bsp.a(alt_dev_llist_insert.o)
                0x0000000000010690                alt_dev_llist_insert
 .text          0x00000000000106fc        0x0 ../led_accelerometer_bsp/\libhal_bsp.a(alt_errno.o)
 .text          0x00000000000106fc       0x74 ../led_accelerometer_bsp/\libhal_bsp.a(alt_find_dev.o)
                0x00000000000106fc                alt_find_dev
 .text          0x0000000000010770        0x4 ../led_accelerometer_bsp/\libhal_bsp.a(alt_icache_flush_all.o)
                0x0000000000010770                alt_icache_flush_all
 .text          0x0000000000010774        0x0 ../led_accelerometer_bsp/\libhal_bsp.a(alt_irq_entry.o)
 .text          0x0000000000010774        0x0 ../led_accelerometer_bsp/\libhal_bsp.a(alt_irq_handler.o)
 .text          0x0000000000010774        0x8 ../led_accelerometer_bsp/\libhal_bsp.a(altera_nios2_gen2_irq.o)
                0x0000000000010774                altera_nios2_gen2_irq_init
 .text          0x000000000001077c        0x0 ../led_accelerometer_bsp/\libhal_bsp.a(alt_exception_entry.o)
 .text          0x000000000001077c       0x74 ../led_accelerometer_bsp/\libhal_bsp.a(alt_instruction_exception_entry.o)
                0x000000000001077c                alt_exception_cause_generated_bad_addr
 .text          0x00000000000107f0        0x0 c:/intelfpga_lite/18.1/nios2eds/bin/gnu/h-x86_64-mingw32/bin/../lib/gcc/nios2-elf/5.3.0/../../../../../H-x86_64-mingw32/nios2-elf/lib/mno-hw-mul\libsmallc.a(lib_a-int_errno.o)
 .text          0x00000000000107f0        0x0 c:/intelfpga_lite/18.1/nios2eds/bin/gnu/h-x86_64-mingw32/bin/../lib/gcc/nios2-elf/5.3.0/../../../../../H-x86_64-mingw32/nios2-elf/lib/mno-hw-mul\libsmallc.a(lib_a-memcmp.o)
 .text.memcmp   0x00000000000107f0       0x30 c:/intelfpga_lite/18.1/nios2eds/bin/gnu/h-x86_64-mingw32/bin/../lib/gcc/nios2-elf/5.3.0/../../../../../H-x86_64-mingw32/nios2-elf/lib/mno-hw-mul\libsmallc.a(lib_a-memcmp.o)
                0x00000000000107f0                memcmp
 .text          0x0000000000010820        0x0 c:/intelfpga_lite/18.1/nios2eds/bin/gnu/h-x86_64-mingw32/bin/../lib/gcc/nios2-elf/5.3.0/../../../../../H-x86_64-mingw32/nios2-elf/lib/mno-hw-mul\libsmallc.a(lib_a-strlen.o)
 .text.strlen   0x0000000000010820       0x1c c:/intelfpga_lite/18.1/nios2eds/bin/gnu/h-x86_64-mingw32/bin/../lib/gcc/nios2-elf/5.3.0/../../../../../H-x86_64-mingw32/nios2-elf/lib/mno-hw-mul\libsmallc.a(lib_a-strlen.o)
                0x0000000000010820                strlen
 *(.gnu.warning.*)
 *(.fini)
                [!provide]                        PROVIDE (__etext, ABSOLUTE (.))
                [!provide]                        PROVIDE (_etext, ABSOLUTE (.))
                [!provide]                        PROVIDE (etext, ABSOLUTE (.))
 *(.eh_frame_hdr)
                0x000000000001083c                . = ALIGN (0x4)
                [!provide]                        PROVIDE (__preinit_array_start, ABSOLUTE (.))
 *(.preinit_array)
                [!provide]                        PROVIDE (__preinit_array_end, ABSOLUTE (.))
                [!provide]                        PROVIDE (__init_array_start, ABSOLUTE (.))
 *(.init_array)
                [!provide]                        PROVIDE (__init_array_end, ABSOLUTE (.))
                [!provide]                        PROVIDE (__fini_array_start, ABSOLUTE (.))
 *(.fini_array)
                [!provide]                        PROVIDE (__fini_array_end, ABSOLUTE (.))
 *(.eh_frame)
 *(.gcc_except_table .gcc_except_table.*)
 *(.dynamic)
                [!provide]                        PROVIDE (__CTOR_LIST__, ABSOLUTE (.))
 *(.ctors)
 *(SORT(.ctors.*))
                [!provide]                        PROVIDE (__CTOR_END__, ABSOLUTE (.))
                [!provide]                        PROVIDE (__DTOR_LIST__, ABSOLUTE (.))
 *(.dtors)
 *(SORT(.dtors.*))
                [!provide]                        PROVIDE (__DTOR_END__, ABSOLUTE (.))
 *(.jcr)
                0x000000000001083c                . = ALIGN (0x4)

.rodata         0x000000000001083c       0x24
                0x000000000001083c                PROVIDE (__ram_rodata_start, ABSOLUTE (.))
                0x000000000001083c                . = ALIGN (0x4)
 *(.rodata .rodata.* .gnu.linkonce.r.*)
 .rodata.str1.4
                0x000000000001083c       0x17 obj/default/led_accelerometer_main.o
 .rodata.str1.4
                0x0000000000010853       0x17 ../led_accelerometer_bsp/\libhal_bsp.a(alt_sys_init.o)
 *fill*         0x0000000000010853        0x1 
 .rodata.str1.4
                0x0000000000010854        0xc ../led_accelerometer_bsp/\libhal_bsp.a(alt_dev.o)
                                          0xa (size before relaxing)
 *(.rodata1)
                0x0000000000010860                . = ALIGN (0x4)
                0x0000000000010860                PROVIDE (__ram_rodata_end, ABSOLUTE (.))
                0x000000000001083c                PROVIDE (__flash_rodata_start, LOADADDR (.rodata))

.rwdata         0x0000000000010860       0xa4 load address 0x0000000000010904
                0x0000000000010860                PROVIDE (__ram_rwdata_start, ABSOLUTE (.))
                0x0000000000010860                . = ALIGN (0x4)
 *(.got.plt)
 *(.got)
 *(.data1)
 *(.data .data.* .gnu.linkonce.d.*)
 .data          0x0000000000010860        0x0 ../led_accelerometer_bsp//obj/HAL/src/crt0.o
 .data          0x0000000000010860        0x0 obj/default/led_accelerometer_main.o
 .data          0x0000000000010860        0x0 ../led_accelerometer_bsp/\libhal_bsp.a(alt_irq_register.o)
 .data          0x0000000000010860        0x0 ../led_accelerometer_bsp/\libhal_bsp.a(alt_irq_vars.o)
 .data          0x0000000000010860        0x0 ../led_accelerometer_bsp/\libhal_bsp.a(alt_load.o)
 .data          0x0000000000010860        0x0 ../led_accelerometer_bsp/\libhal_bsp.a(alt_main.o)
 .data          0x0000000000010860       0x2c ../led_accelerometer_bsp/\libhal_bsp.a(alt_sys_init.o)
 .data          0x000000000001088c        0x0 ../led_accelerometer_bsp/\libhal_bsp.a(altera_up_avalon_accelerometer_spi.o)
 .data          0x000000000001088c        0x0 ../led_accelerometer_bsp/\libhal_bsp.a(alt_dcache_flush_all.o)
 .data          0x000000000001088c       0x58 ../led_accelerometer_bsp/\libhal_bsp.a(alt_dev.o)
                0x000000000001088c                alt_fd_list
                0x00000000000108bc                alt_dev_null
 .data          0x00000000000108e4        0x0 ../led_accelerometer_bsp/\libhal_bsp.a(alt_dev_llist_insert.o)
 .data          0x00000000000108e4        0x0 ../led_accelerometer_bsp/\libhal_bsp.a(alt_errno.o)
 .data          0x00000000000108e4        0x0 ../led_accelerometer_bsp/\libhal_bsp.a(alt_find_dev.o)
 .data          0x00000000000108e4        0x0 ../led_accelerometer_bsp/\libhal_bsp.a(alt_icache_flush_all.o)
 .data          0x00000000000108e4        0x0 ../led_accelerometer_bsp/\libhal_bsp.a(alt_irq_entry.o)
 .data          0x00000000000108e4        0x0 ../led_accelerometer_bsp/\libhal_bsp.a(alt_irq_handler.o)
 .data          0x00000000000108e4        0x0 ../led_accelerometer_bsp/\libhal_bsp.a(altera_nios2_gen2_irq.o)
 .data          0x00000000000108e4        0x0 ../led_accelerometer_bsp/\libhal_bsp.a(alt_exception_entry.o)
 .data          0x00000000000108e4        0x0 ../led_accelerometer_bsp/\libhal_bsp.a(alt_instruction_exception_entry.o)
 .data          0x00000000000108e4        0x0 c:/intelfpga_lite/18.1/nios2eds/bin/gnu/h-x86_64-mingw32/bin/../lib/gcc/nios2-elf/5.3.0/../../../../../H-x86_64-mingw32/nios2-elf/lib/mno-hw-mul\libsmallc.a(lib_a-int_errno.o)
 .data          0x00000000000108e4        0x0 c:/intelfpga_lite/18.1/nios2eds/bin/gnu/h-x86_64-mingw32/bin/../lib/gcc/nios2-elf/5.3.0/../../../../../H-x86_64-mingw32/nios2-elf/lib/mno-hw-mul\libsmallc.a(lib_a-memcmp.o)
 .data          0x00000000000108e4        0x0 c:/intelfpga_lite/18.1/nios2eds/bin/gnu/h-x86_64-mingw32/bin/../lib/gcc/nios2-elf/5.3.0/../../../../../H-x86_64-mingw32/nios2-elf/lib/mno-hw-mul\libsmallc.a(lib_a-strlen.o)
                0x00000000000188e4                _gp = ABSOLUTE ((. + 0x8000))
                [!provide]                        PROVIDE (gp, _gp)
 *(.rwdata .rwdata.*)
 *(.sdata .sdata.* .gnu.linkonce.s.*)
 .sdata         0x00000000000108e4        0x4 ../led_accelerometer_bsp/\libhal_bsp.a(alt_irq_vars.o)
                0x00000000000108e4                alt_priority_mask
 .sdata         0x00000000000108e8        0x4 ../led_accelerometer_bsp/\libhal_bsp.a(alt_sys_init.o)
                0x00000000000108e8                jtag_uart
 .sdata         0x00000000000108ec       0x14 ../led_accelerometer_bsp/\libhal_bsp.a(alt_dev.o)
                0x00000000000108ec                alt_max_fd
                0x00000000000108f0                alt_dev_list
                0x00000000000108f8                alt_fs_list
 .sdata         0x0000000000010900        0x4 ../led_accelerometer_bsp/\libhal_bsp.a(alt_errno.o)
                0x0000000000010900                alt_errno
 *(.sdata2 .sdata2.* .gnu.linkonce.s2.*)
                0x0000000000010904                . = ALIGN (0x4)
                0x0000000000010904                _edata = ABSOLUTE (.)
                [!provide]                        PROVIDE (edata, ABSOLUTE (.))
                0x0000000000010904                PROVIDE (__ram_rwdata_end, ABSOLUTE (.))
                0x0000000000010904                PROVIDE (__flash_rwdata_start, LOADADDR (.rwdata))

.bss            0x00000000000109a8      0x124
                0x00000000000109a8                __bss_start = ABSOLUTE (.)
                [!provide]                        PROVIDE (__sbss_start, ABSOLUTE (.))
                [!provide]                        PROVIDE (___sbss_start, ABSOLUTE (.))
 *(.dynsbss)
 *(.sbss .sbss.* .gnu.linkonce.sb.*)
 .sbss          0x00000000000109a8        0x1 obj/default/led_accelerometer_main.o
                0x00000000000109a8                pwm
 *fill*         0x00000000000109a9        0x3 
 .sbss          0x00000000000109ac        0x8 obj/default/led_accelerometer_main.o
                0x00000000000109ac                led
                0x00000000000109b0                level
 .sbss          0x00000000000109b4        0x4 ../led_accelerometer_bsp/\libhal_bsp.a(alt_irq_vars.o)
                0x00000000000109b4                alt_irq_active
 .sbss          0x00000000000109b8        0xc ../led_accelerometer_bsp/\libhal_bsp.a(alt_main.o)
                0x00000000000109b8                alt_envp
                0x00000000000109bc                alt_argv
                0x00000000000109c0                alt_argc
 .sbss          0x00000000000109c4        0x4 ../led_accelerometer_bsp/\libhal_bsp.a(alt_instruction_exception_entry.o)
                0x00000000000109c4                alt_instruction_exception_handler
 .sbss          0x00000000000109c8        0x4 c:/intelfpga_lite/18.1/nios2eds/bin/gnu/h-x86_64-mingw32/bin/../lib/gcc/nios2-elf/5.3.0/../../../../../H-x86_64-mingw32/nios2-elf/lib/mno-hw-mul\libsmallc.a(lib_a-int_errno.o)
                0x00000000000109c8                errno
 *(.sbss2 .sbss2.* .gnu.linkonce.sb2.*)
 *(.scommon)
                [!provide]                        PROVIDE (__sbss_end, ABSOLUTE (.))
                [!provide]                        PROVIDE (___sbss_end, ABSOLUTE (.))
 *(.dynbss)
 *(.bss .bss.* .gnu.linkonce.b.*)
 .bss           0x00000000000109cc        0x0 ../led_accelerometer_bsp//obj/HAL/src/crt0.o
 .bss           0x00000000000109cc        0x0 obj/default/led_accelerometer_main.o
 .bss           0x00000000000109cc        0x0 ../led_accelerometer_bsp/\libhal_bsp.a(alt_irq_register.o)
 .bss           0x00000000000109cc        0x0 ../led_accelerometer_bsp/\libhal_bsp.a(alt_irq_vars.o)
 .bss           0x00000000000109cc        0x0 ../led_accelerometer_bsp/\libhal_bsp.a(alt_load.o)
 .bss           0x00000000000109cc        0x0 ../led_accelerometer_bsp/\libhal_bsp.a(alt_main.o)
 .bss           0x00000000000109cc        0x0 ../led_accelerometer_bsp/\libhal_bsp.a(alt_sys_init.o)
 .bss           0x00000000000109cc        0x0 ../led_accelerometer_bsp/\libhal_bsp.a(altera_up_avalon_accelerometer_spi.o)
 .bss           0x00000000000109cc        0x0 ../led_accelerometer_bsp/\libhal_bsp.a(alt_dcache_flush_all.o)
 .bss           0x00000000000109cc        0x0 ../led_accelerometer_bsp/\libhal_bsp.a(alt_dev.o)
 .bss           0x00000000000109cc        0x0 ../led_accelerometer_bsp/\libhal_bsp.a(alt_dev_llist_insert.o)
 .bss           0x00000000000109cc        0x0 ../led_accelerometer_bsp/\libhal_bsp.a(alt_errno.o)
 .bss           0x00000000000109cc        0x0 ../led_accelerometer_bsp/\libhal_bsp.a(alt_find_dev.o)
 .bss           0x00000000000109cc        0x0 ../led_accelerometer_bsp/\libhal_bsp.a(alt_icache_flush_all.o)
 .bss           0x00000000000109cc        0x0 ../led_accelerometer_bsp/\libhal_bsp.a(alt_irq_entry.o)
 .bss           0x00000000000109cc        0x0 ../led_accelerometer_bsp/\libhal_bsp.a(alt_irq_handler.o)
 .bss           0x00000000000109cc        0x0 ../led_accelerometer_bsp/\libhal_bsp.a(altera_nios2_gen2_irq.o)
 .bss           0x00000000000109cc        0x0 ../led_accelerometer_bsp/\libhal_bsp.a(alt_exception_entry.o)
 .bss           0x00000000000109cc        0x0 ../led_accelerometer_bsp/\libhal_bsp.a(alt_instruction_exception_entry.o)
 .bss           0x00000000000109cc        0x0 c:/intelfpga_lite/18.1/nios2eds/bin/gnu/h-x86_64-mingw32/bin/../lib/gcc/nios2-elf/5.3.0/../../../../../H-x86_64-mingw32/nios2-elf/lib/mno-hw-mul\libsmallc.a(lib_a-int_errno.o)
 .bss           0x00000000000109cc        0x0 c:/intelfpga_lite/18.1/nios2eds/bin/gnu/h-x86_64-mingw32/bin/../lib/gcc/nios2-elf/5.3.0/../../../../../H-x86_64-mingw32/nios2-elf/lib/mno-hw-mul\libsmallc.a(lib_a-memcmp.o)
 .bss           0x00000000000109cc        0x0 c:/intelfpga_lite/18.1/nios2eds/bin/gnu/h-x86_64-mingw32/bin/../lib/gcc/nios2-elf/5.3.0/../../../../../H-x86_64-mingw32/nios2-elf/lib/mno-hw-mul\libsmallc.a(lib_a-strlen.o)
 *(COMMON)
 COMMON         0x00000000000109cc      0x100 ../led_accelerometer_bsp/\libhal_bsp.a(alt_irq_handler.o)
                0x00000000000109cc                alt_irq
                0x0000000000010acc                . = ALIGN (0x4)
                0x0000000000010acc                __bss_end = ABSOLUTE (.)

.onchip_memory  0x0000000000010acc        0x0
                [!provide]                        PROVIDE (_alt_partition_onchip_memory_start, ABSOLUTE (.))
 *(.onchip_memory .onchip_memory. onchip_memory.*)
                0x0000000000010acc                . = ALIGN (0x4)
                [!provide]                        PROVIDE (_alt_partition_onchip_memory_end, ABSOLUTE (.))
                0x0000000000010acc                _end = ABSOLUTE (.)
                0x0000000000010acc                end = ABSOLUTE (.)
                0x0000000000010acc                __alt_stack_base = ABSOLUTE (.)
                [!provide]                        PROVIDE (_alt_partition_onchip_memory_load_addr, LOADADDR (.onchip_memory))

.stab
 *(.stab)

.stabstr
 *(.stabstr)

.stab.excl
 *(.stab.excl)

.stab.exclstr
 *(.stab.exclstr)

.stab.index
 *(.stab.index)

.stab.indexstr
 *(.stab.indexstr)

.comment        0x0000000000000000       0x23
 *(.comment)
 .comment       0x0000000000000000       0x23 obj/default/led_accelerometer_main.o
                                         0x24 (size before relaxing)
 .comment       0x0000000000000023       0x24 ../led_accelerometer_bsp/\libhal_bsp.a(alt_irq_register.o)
 .comment       0x0000000000000023       0x24 ../led_accelerometer_bsp/\libhal_bsp.a(alt_irq_vars.o)
 .comment       0x0000000000000023       0x24 ../led_accelerometer_bsp/\libhal_bsp.a(alt_load.o)
 .comment       0x0000000000000023       0x24 ../led_accelerometer_bsp/\libhal_bsp.a(alt_main.o)
 .comment       0x0000000000000023       0x24 ../led_accelerometer_bsp/\libhal_bsp.a(alt_sys_init.o)
 .comment       0x0000000000000023       0x24 ../led_accelerometer_bsp/\libhal_bsp.a(altera_up_avalon_accelerometer_spi.o)
 .comment       0x0000000000000023       0x24 ../led_accelerometer_bsp/\libhal_bsp.a(alt_dcache_flush_all.o)
 .comment       0x0000000000000023       0x24 ../led_accelerometer_bsp/\libhal_bsp.a(alt_dev.o)
 .comment       0x0000000000000023       0x24 ../led_accelerometer_bsp/\libhal_bsp.a(alt_dev_llist_insert.o)
 .comment       0x0000000000000023       0x24 ../led_accelerometer_bsp/\libhal_bsp.a(alt_errno.o)
 .comment       0x0000000000000023       0x24 ../led_accelerometer_bsp/\libhal_bsp.a(alt_find_dev.o)
 .comment       0x0000000000000023       0x24 ../led_accelerometer_bsp/\libhal_bsp.a(alt_icache_flush_all.o)
 .comment       0x0000000000000023       0x24 ../led_accelerometer_bsp/\libhal_bsp.a(alt_irq_handler.o)
 .comment       0x0000000000000023       0x24 ../led_accelerometer_bsp/\libhal_bsp.a(altera_nios2_gen2_irq.o)
 .comment       0x0000000000000023       0x24 ../led_accelerometer_bsp/\libhal_bsp.a(alt_instruction_exception_entry.o)
 .comment       0x0000000000000023       0x24 c:/intelfpga_lite/18.1/nios2eds/bin/gnu/h-x86_64-mingw32/bin/../lib/gcc/nios2-elf/5.3.0/../../../../../H-x86_64-mingw32/nios2-elf/lib/mno-hw-mul\libsmallc.a(lib_a-int_errno.o)
 .comment       0x0000000000000023       0x24 c:/intelfpga_lite/18.1/nios2eds/bin/gnu/h-x86_64-mingw32/bin/../lib/gcc/nios2-elf/5.3.0/../../../../../H-x86_64-mingw32/nios2-elf/lib/mno-hw-mul\libsmallc.a(lib_a-memcmp.o)
 .comment       0x0000000000000023       0x24 c:/intelfpga_lite/18.1/nios2eds/bin/gnu/h-x86_64-mingw32/bin/../lib/gcc/nios2-elf/5.3.0/../../../../../H-x86_64-mingw32/nios2-elf/lib/mno-hw-mul\libsmallc.a(lib_a-strlen.o)

.debug
 *(.debug)

.line
 *(.line)

.debug_srcinfo
 *(.debug_srcinfo)

.debug_sfnames
 *(.debug_sfnames)

.debug_aranges  0x0000000000000000      0x2e8
 *(.debug_aranges)
 .debug_aranges
                0x0000000000000000       0x28 ../led_accelerometer_bsp//obj/HAL/src/crt0.o
 .debug_aranges
                0x0000000000000028       0x28 obj/default/led_accelerometer_main.o
 .debug_aranges
                0x0000000000000050       0x20 ../led_accelerometer_bsp/\libhal_bsp.a(alt_irq_register.o)
 .debug_aranges
                0x0000000000000070       0x18 ../led_accelerometer_bsp/\libhal_bsp.a(alt_irq_vars.o)
 .debug_aranges
                0x0000000000000088       0x20 ../led_accelerometer_bsp/\libhal_bsp.a(alt_load.o)
 .debug_aranges
                0x00000000000000a8       0x20 ../led_accelerometer_bsp/\libhal_bsp.a(alt_main.o)
 .debug_aranges
                0x00000000000000c8       0x20 ../led_accelerometer_bsp/\libhal_bsp.a(alt_sys_init.o)
 .debug_aranges
                0x00000000000000e8       0x20 ../led_accelerometer_bsp/\libhal_bsp.a(altera_up_avalon_accelerometer_spi.o)
 .debug_aranges
                0x0000000000000108       0x20 ../led_accelerometer_bsp/\libhal_bsp.a(alt_dcache_flush_all.o)
 .debug_aranges
                0x0000000000000128       0x20 ../led_accelerometer_bsp/\libhal_bsp.a(alt_dev.o)
 .debug_aranges
                0x0000000000000148       0x20 ../led_accelerometer_bsp/\libhal_bsp.a(alt_dev_llist_insert.o)
 .debug_aranges
                0x0000000000000168       0x18 ../led_accelerometer_bsp/\libhal_bsp.a(alt_errno.o)
 .debug_aranges
                0x0000000000000180       0x20 ../led_accelerometer_bsp/\libhal_bsp.a(alt_find_dev.o)
 .debug_aranges
                0x00000000000001a0       0x20 ../led_accelerometer_bsp/\libhal_bsp.a(alt_icache_flush_all.o)
 .debug_aranges
                0x00000000000001c0       0x30 ../led_accelerometer_bsp/\libhal_bsp.a(alt_irq_entry.o)
 .debug_aranges
                0x00000000000001f0       0x20 ../led_accelerometer_bsp/\libhal_bsp.a(alt_irq_handler.o)
 .debug_aranges
                0x0000000000000210       0x20 ../led_accelerometer_bsp/\libhal_bsp.a(altera_nios2_gen2_irq.o)
 .debug_aranges
                0x0000000000000230       0x38 ../led_accelerometer_bsp/\libhal_bsp.a(alt_exception_entry.o)
 .debug_aranges
                0x0000000000000268       0x28 ../led_accelerometer_bsp/\libhal_bsp.a(alt_instruction_exception_entry.o)
 .debug_aranges
                0x0000000000000290       0x18 c:/intelfpga_lite/18.1/nios2eds/bin/gnu/h-x86_64-mingw32/bin/../lib/gcc/nios2-elf/5.3.0/../../../../../H-x86_64-mingw32/nios2-elf/lib/mno-hw-mul\libsmallc.a(lib_a-int_errno.o)
 .debug_aranges
                0x00000000000002a8       0x20 c:/intelfpga_lite/18.1/nios2eds/bin/gnu/h-x86_64-mingw32/bin/../lib/gcc/nios2-elf/5.3.0/../../../../../H-x86_64-mingw32/nios2-elf/lib/mno-hw-mul\libsmallc.a(lib_a-memcmp.o)
 .debug_aranges
                0x00000000000002c8       0x20 c:/intelfpga_lite/18.1/nios2eds/bin/gnu/h-x86_64-mingw32/bin/../lib/gcc/nios2-elf/5.3.0/../../../../../H-x86_64-mingw32/nios2-elf/lib/mno-hw-mul\libsmallc.a(lib_a-strlen.o)

.debug_pubnames
 *(.debug_pubnames)

.debug_info     0x0000000000000000     0x2824
 *(.debug_info .gnu.linkonce.wi.*)
 .debug_info    0x0000000000000000       0x6f ../led_accelerometer_bsp//obj/HAL/src/crt0.o
 .debug_info    0x000000000000006f      0x51d obj/default/led_accelerometer_main.o
 .debug_info    0x000000000000058c      0x30d ../led_accelerometer_bsp/\libhal_bsp.a(alt_irq_register.o)
 .debug_info    0x0000000000000899       0x88 ../led_accelerometer_bsp/\libhal_bsp.a(alt_irq_vars.o)
 .debug_info    0x0000000000000921      0x1c9 ../led_accelerometer_bsp/\libhal_bsp.a(alt_load.o)
 .debug_info    0x0000000000000aea      0x18f ../led_accelerometer_bsp/\libhal_bsp.a(alt_main.o)
 .debug_info    0x0000000000000c79      0x459 ../led_accelerometer_bsp/\libhal_bsp.a(alt_sys_init.o)
 .debug_info    0x00000000000010d2      0x479 ../led_accelerometer_bsp/\libhal_bsp.a(altera_up_avalon_accelerometer_spi.o)
 .debug_info    0x000000000000154b       0x92 ../led_accelerometer_bsp/\libhal_bsp.a(alt_dcache_flush_all.o)
 .debug_info    0x00000000000015dd      0x499 ../led_accelerometer_bsp/\libhal_bsp.a(alt_dev.o)
 .debug_info    0x0000000000001a76      0x1b3 ../led_accelerometer_bsp/\libhal_bsp.a(alt_dev_llist_insert.o)
 .debug_info    0x0000000000001c29       0xa6 ../led_accelerometer_bsp/\libhal_bsp.a(alt_errno.o)
 .debug_info    0x0000000000001ccf      0x32d ../led_accelerometer_bsp/\libhal_bsp.a(alt_find_dev.o)
 .debug_info    0x0000000000001ffc       0x92 ../led_accelerometer_bsp/\libhal_bsp.a(alt_icache_flush_all.o)
 .debug_info    0x000000000000208e       0x78 ../led_accelerometer_bsp/\libhal_bsp.a(alt_irq_entry.o)
 .debug_info    0x0000000000002106      0x1a4 ../led_accelerometer_bsp/\libhal_bsp.a(alt_irq_handler.o)
 .debug_info    0x00000000000022aa       0xb8 ../led_accelerometer_bsp/\libhal_bsp.a(altera_nios2_gen2_irq.o)
 .debug_info    0x0000000000002362       0x7e ../led_accelerometer_bsp/\libhal_bsp.a(alt_exception_entry.o)
 .debug_info    0x00000000000023e0      0x1fd ../led_accelerometer_bsp/\libhal_bsp.a(alt_instruction_exception_entry.o)
 .debug_info    0x00000000000025dd       0x8a c:/intelfpga_lite/18.1/nios2eds/bin/gnu/h-x86_64-mingw32/bin/../lib/gcc/nios2-elf/5.3.0/../../../../../H-x86_64-mingw32/nios2-elf/lib/mno-hw-mul\libsmallc.a(lib_a-int_errno.o)
 .debug_info    0x0000000000002667       0xf4 c:/intelfpga_lite/18.1/nios2eds/bin/gnu/h-x86_64-mingw32/bin/../lib/gcc/nios2-elf/5.3.0/../../../../../H-x86_64-mingw32/nios2-elf/lib/mno-hw-mul\libsmallc.a(lib_a-memcmp.o)
 .debug_info    0x000000000000275b       0xc9 c:/intelfpga_lite/18.1/nios2eds/bin/gnu/h-x86_64-mingw32/bin/../lib/gcc/nios2-elf/5.3.0/../../../../../H-x86_64-mingw32/nios2-elf/lib/mno-hw-mul\libsmallc.a(lib_a-strlen.o)

.debug_abbrev   0x0000000000000000     0x1077
 *(.debug_abbrev)
 .debug_abbrev  0x0000000000000000       0x12 ../led_accelerometer_bsp//obj/HAL/src/crt0.o
 .debug_abbrev  0x0000000000000012      0x21e obj/default/led_accelerometer_main.o
 .debug_abbrev  0x0000000000000230      0x1a5 ../led_accelerometer_bsp/\libhal_bsp.a(alt_irq_register.o)
 .debug_abbrev  0x00000000000003d5       0x40 ../led_accelerometer_bsp/\libhal_bsp.a(alt_irq_vars.o)
 .debug_abbrev  0x0000000000000415       0xd8 ../led_accelerometer_bsp/\libhal_bsp.a(alt_load.o)
 .debug_abbrev  0x00000000000004ed       0xf5 ../led_accelerometer_bsp/\libhal_bsp.a(alt_main.o)
 .debug_abbrev  0x00000000000005e2      0x1a5 ../led_accelerometer_bsp/\libhal_bsp.a(alt_sys_init.o)
 .debug_abbrev  0x0000000000000787      0x119 ../led_accelerometer_bsp/\libhal_bsp.a(altera_up_avalon_accelerometer_spi.o)
 .debug_abbrev  0x00000000000008a0       0x42 ../led_accelerometer_bsp/\libhal_bsp.a(alt_dcache_flush_all.o)
 .debug_abbrev  0x00000000000008e2       0xd9 ../led_accelerometer_bsp/\libhal_bsp.a(alt_dev.o)
 .debug_abbrev  0x00000000000009bb      0x11c ../led_accelerometer_bsp/\libhal_bsp.a(alt_dev_llist_insert.o)
 .debug_abbrev  0x0000000000000ad7       0x5a ../led_accelerometer_bsp/\libhal_bsp.a(alt_errno.o)
 .debug_abbrev  0x0000000000000b31      0x125 ../led_accelerometer_bsp/\libhal_bsp.a(alt_find_dev.o)
 .debug_abbrev  0x0000000000000c56       0x42 ../led_accelerometer_bsp/\libhal_bsp.a(alt_icache_flush_all.o)
 .debug_abbrev  0x0000000000000c98       0x12 ../led_accelerometer_bsp/\libhal_bsp.a(alt_irq_entry.o)
 .debug_abbrev  0x0000000000000caa      0x138 ../led_accelerometer_bsp/\libhal_bsp.a(alt_irq_handler.o)
 .debug_abbrev  0x0000000000000de2       0x67 ../led_accelerometer_bsp/\libhal_bsp.a(altera_nios2_gen2_irq.o)
 .debug_abbrev  0x0000000000000e49       0x12 ../led_accelerometer_bsp/\libhal_bsp.a(alt_exception_entry.o)
 .debug_abbrev  0x0000000000000e5b       0xe7 ../led_accelerometer_bsp/\libhal_bsp.a(alt_instruction_exception_entry.o)
 .debug_abbrev  0x0000000000000f42       0x37 c:/intelfpga_lite/18.1/nios2eds/bin/gnu/h-x86_64-mingw32/bin/../lib/gcc/nios2-elf/5.3.0/../../../../../H-x86_64-mingw32/nios2-elf/lib/mno-hw-mul\libsmallc.a(lib_a-int_errno.o)
 .debug_abbrev  0x0000000000000f79       0x7f c:/intelfpga_lite/18.1/nios2eds/bin/gnu/h-x86_64-mingw32/bin/../lib/gcc/nios2-elf/5.3.0/../../../../../H-x86_64-mingw32/nios2-elf/lib/mno-hw-mul\libsmallc.a(lib_a-memcmp.o)
 .debug_abbrev  0x0000000000000ff8       0x7f c:/intelfpga_lite/18.1/nios2eds/bin/gnu/h-x86_64-mingw32/bin/../lib/gcc/nios2-elf/5.3.0/../../../../../H-x86_64-mingw32/nios2-elf/lib/mno-hw-mul\libsmallc.a(lib_a-strlen.o)

.debug_line     0x0000000000000000     0x1177
 *(.debug_line)
 .debug_line    0x0000000000000000       0x66 ../led_accelerometer_bsp//obj/HAL/src/crt0.o
 .debug_line    0x0000000000000066      0x18f obj/default/led_accelerometer_main.o
 .debug_line    0x00000000000001f5       0xed ../led_accelerometer_bsp/\libhal_bsp.a(alt_irq_register.o)
 .debug_line    0x00000000000002e2       0x50 ../led_accelerometer_bsp/\libhal_bsp.a(alt_irq_vars.o)
 .debug_line    0x0000000000000332       0xa4 ../led_accelerometer_bsp/\libhal_bsp.a(alt_load.o)
 .debug_line    0x00000000000003d6       0xea ../led_accelerometer_bsp/\libhal_bsp.a(alt_main.o)
 .debug_line    0x00000000000004c0      0x178 ../led_accelerometer_bsp/\libhal_bsp.a(alt_sys_init.o)
 .debug_line    0x0000000000000638      0x131 ../led_accelerometer_bsp/\libhal_bsp.a(altera_up_avalon_accelerometer_spi.o)
 .debug_line    0x0000000000000769       0x4e ../led_accelerometer_bsp/\libhal_bsp.a(alt_dcache_flush_all.o)
 .debug_line    0x00000000000007b7       0xf6 ../led_accelerometer_bsp/\libhal_bsp.a(alt_dev.o)
 .debug_line    0x00000000000008ad       0xd8 ../led_accelerometer_bsp/\libhal_bsp.a(alt_dev_llist_insert.o)
 .debug_line    0x0000000000000985       0x51 ../led_accelerometer_bsp/\libhal_bsp.a(alt_errno.o)
 .debug_line    0x00000000000009d6      0x107 ../led_accelerometer_bsp/\libhal_bsp.a(alt_find_dev.o)
 .debug_line    0x0000000000000add       0x4e ../led_accelerometer_bsp/\libhal_bsp.a(alt_icache_flush_all.o)
 .debug_line    0x0000000000000b2b       0x6b ../led_accelerometer_bsp/\libhal_bsp.a(alt_irq_entry.o)
 .debug_line    0x0000000000000b96       0xc8 ../led_accelerometer_bsp/\libhal_bsp.a(alt_irq_handler.o)
 .debug_line    0x0000000000000c5e       0x8c ../led_accelerometer_bsp/\libhal_bsp.a(altera_nios2_gen2_irq.o)
 .debug_line    0x0000000000000cea       0xb3 ../led_accelerometer_bsp/\libhal_bsp.a(alt_exception_entry.o)
 .debug_line    0x0000000000000d9d       0xbf ../led_accelerometer_bsp/\libhal_bsp.a(alt_instruction_exception_entry.o)
 .debug_line    0x0000000000000e5c       0x5f c:/intelfpga_lite/18.1/nios2eds/bin/gnu/h-x86_64-mingw32/bin/../lib/gcc/nios2-elf/5.3.0/../../../../../H-x86_64-mingw32/nios2-elf/lib/mno-hw-mul\libsmallc.a(lib_a-int_errno.o)
 .debug_line    0x0000000000000ebb      0x160 c:/intelfpga_lite/18.1/nios2eds/bin/gnu/h-x86_64-mingw32/bin/../lib/gcc/nios2-elf/5.3.0/../../../../../H-x86_64-mingw32/nios2-elf/lib/mno-hw-mul\libsmallc.a(lib_a-memcmp.o)
 .debug_line    0x000000000000101b      0x15c c:/intelfpga_lite/18.1/nios2eds/bin/gnu/h-x86_64-mingw32/bin/../lib/gcc/nios2-elf/5.3.0/../../../../../H-x86_64-mingw32/nios2-elf/lib/mno-hw-mul\libsmallc.a(lib_a-strlen.o)

.debug_frame    0x0000000000000000      0x348
 *(.debug_frame)
 .debug_frame   0x0000000000000000       0x84 obj/default/led_accelerometer_main.o
 .debug_frame   0x0000000000000084       0x20 ../led_accelerometer_bsp/\libhal_bsp.a(alt_irq_register.o)
 .debug_frame   0x00000000000000a4       0x30 ../led_accelerometer_bsp/\libhal_bsp.a(alt_load.o)
 .debug_frame   0x00000000000000d4       0x2c ../led_accelerometer_bsp/\libhal_bsp.a(alt_main.o)
 .debug_frame   0x0000000000000100       0x3c ../led_accelerometer_bsp/\libhal_bsp.a(alt_sys_init.o)
 .debug_frame   0x000000000000013c       0x80 ../led_accelerometer_bsp/\libhal_bsp.a(altera_up_avalon_accelerometer_spi.o)
 .debug_frame   0x00000000000001bc       0x20 ../led_accelerometer_bsp/\libhal_bsp.a(alt_dcache_flush_all.o)
 .debug_frame   0x00000000000001dc       0x20 ../led_accelerometer_bsp/\libhal_bsp.a(alt_dev.o)
 .debug_frame   0x00000000000001fc       0x2c ../led_accelerometer_bsp/\libhal_bsp.a(alt_dev_llist_insert.o)
 .debug_frame   0x0000000000000228       0x3c ../led_accelerometer_bsp/\libhal_bsp.a(alt_find_dev.o)
 .debug_frame   0x0000000000000264       0x20 ../led_accelerometer_bsp/\libhal_bsp.a(alt_icache_flush_all.o)
 .debug_frame   0x0000000000000284       0x34 ../led_accelerometer_bsp/\libhal_bsp.a(alt_irq_handler.o)
 .debug_frame   0x00000000000002b8       0x20 ../led_accelerometer_bsp/\libhal_bsp.a(altera_nios2_gen2_irq.o)
 .debug_frame   0x00000000000002d8       0x30 ../led_accelerometer_bsp/\libhal_bsp.a(alt_instruction_exception_entry.o)
 .debug_frame   0x0000000000000308       0x20 c:/intelfpga_lite/18.1/nios2eds/bin/gnu/h-x86_64-mingw32/bin/../lib/gcc/nios2-elf/5.3.0/../../../../../H-x86_64-mingw32/nios2-elf/lib/mno-hw-mul\libsmallc.a(lib_a-memcmp.o)
 .debug_frame   0x0000000000000328       0x20 c:/intelfpga_lite/18.1/nios2eds/bin/gnu/h-x86_64-mingw32/bin/../lib/gcc/nios2-elf/5.3.0/../../../../../H-x86_64-mingw32/nios2-elf/lib/mno-hw-mul\libsmallc.a(lib_a-strlen.o)

.debug_str      0x0000000000000000     0x1027
 *(.debug_str)
 .debug_str     0x0000000000000000      0x28d obj/default/led_accelerometer_main.o
                                        0x2e6 (size before relaxing)
 .debug_str     0x000000000000028d       0xd8 ../led_accelerometer_bsp/\libhal_bsp.a(alt_irq_register.o)
                                        0x209 (size before relaxing)
 .debug_str     0x0000000000000365       0x17 ../led_accelerometer_bsp/\libhal_bsp.a(alt_irq_vars.o)
                                        0x13b (size before relaxing)
 .debug_str     0x000000000000037c      0x113 ../led_accelerometer_bsp/\libhal_bsp.a(alt_load.o)
                                        0x23d (size before relaxing)
 .debug_str     0x000000000000048f       0x5e ../led_accelerometer_bsp/\libhal_bsp.a(alt_main.o)
                                        0x1df (size before relaxing)
 .debug_str     0x00000000000004ed      0x124 ../led_accelerometer_bsp/\libhal_bsp.a(alt_sys_init.o)
                                        0x34b (size before relaxing)
 .debug_str     0x0000000000000611      0x103 ../led_accelerometer_bsp/\libhal_bsp.a(altera_up_avalon_accelerometer_spi.o)
                                        0x34f (size before relaxing)
 .debug_str     0x0000000000000714       0x1f ../led_accelerometer_bsp/\libhal_bsp.a(alt_dcache_flush_all.o)
                                        0x156 (size before relaxing)
 .debug_str     0x0000000000000733      0x125 ../led_accelerometer_bsp/\libhal_bsp.a(alt_dev.o)
                                        0x306 (size before relaxing)
 .debug_str     0x0000000000000858       0x48 ../led_accelerometer_bsp/\libhal_bsp.a(alt_dev_llist_insert.o)
                                        0x1cd (size before relaxing)
 .debug_str     0x00000000000008a0       0x14 ../led_accelerometer_bsp/\libhal_bsp.a(alt_errno.o)
                                        0x146 (size before relaxing)
 .debug_str     0x00000000000008b4       0x25 ../led_accelerometer_bsp/\libhal_bsp.a(alt_find_dev.o)
                                        0x1fb (size before relaxing)
 .debug_str     0x00000000000008d9       0x1f ../led_accelerometer_bsp/\libhal_bsp.a(alt_icache_flush_all.o)
                                        0x156 (size before relaxing)
 .debug_str     0x00000000000008f8       0x3a ../led_accelerometer_bsp/\libhal_bsp.a(alt_irq_handler.o)
                                        0x1b9 (size before relaxing)
 .debug_str     0x0000000000000932       0x20 ../led_accelerometer_bsp/\libhal_bsp.a(altera_nios2_gen2_irq.o)
                                        0x186 (size before relaxing)
 .debug_str     0x0000000000000952      0x48b ../led_accelerometer_bsp/\libhal_bsp.a(alt_instruction_exception_entry.o)
                                        0x5a1 (size before relaxing)
 .debug_str     0x0000000000000ddd      0x134 c:/intelfpga_lite/18.1/nios2eds/bin/gnu/h-x86_64-mingw32/bin/../lib/gcc/nios2-elf/5.3.0/../../../../../H-x86_64-mingw32/nios2-elf/lib/mno-hw-mul\libsmallc.a(lib_a-int_errno.o)
                                        0x1d8 (size before relaxing)
 .debug_str     0x0000000000000f11       0xd9 c:/intelfpga_lite/18.1/nios2eds/bin/gnu/h-x86_64-mingw32/bin/../lib/gcc/nios2-elf/5.3.0/../../../../../H-x86_64-mingw32/nios2-elf/lib/mno-hw-mul\libsmallc.a(lib_a-memcmp.o)
                                        0x1df (size before relaxing)
 .debug_str     0x0000000000000fea       0x3d c:/intelfpga_lite/18.1/nios2eds/bin/gnu/h-x86_64-mingw32/bin/../lib/gcc/nios2-elf/5.3.0/../../../../../H-x86_64-mingw32/nios2-elf/lib/mno-hw-mul\libsmallc.a(lib_a-strlen.o)
                                        0x1e5 (size before relaxing)

.debug_loc      0x0000000000000000      0x4f9
 *(.debug_loc)
 .debug_loc     0x0000000000000000       0xf6 obj/default/led_accelerometer_main.o
 .debug_loc     0x00000000000000f6       0xfa ../led_accelerometer_bsp/\libhal_bsp.a(alt_irq_register.o)
 .debug_loc     0x00000000000001f0       0x21 ../led_accelerometer_bsp/\libhal_bsp.a(alt_sys_init.o)
 .debug_loc     0x0000000000000211       0x63 ../led_accelerometer_bsp/\libhal_bsp.a(altera_up_avalon_accelerometer_spi.o)
 .debug_loc     0x0000000000000274       0x7e ../led_accelerometer_bsp/\libhal_bsp.a(alt_dev_llist_insert.o)
 .debug_loc     0x00000000000002f2       0x7e ../led_accelerometer_bsp/\libhal_bsp.a(alt_find_dev.o)
 .debug_loc     0x0000000000000370       0x72 ../led_accelerometer_bsp/\libhal_bsp.a(alt_irq_handler.o)
 .debug_loc     0x00000000000003e2       0x65 ../led_accelerometer_bsp/\libhal_bsp.a(alt_instruction_exception_entry.o)
 .debug_loc     0x0000000000000447       0x94 c:/intelfpga_lite/18.1/nios2eds/bin/gnu/h-x86_64-mingw32/bin/../lib/gcc/nios2-elf/5.3.0/../../../../../H-x86_64-mingw32/nios2-elf/lib/mno-hw-mul\libsmallc.a(lib_a-memcmp.o)
 .debug_loc     0x00000000000004db       0x1e c:/intelfpga_lite/18.1/nios2eds/bin/gnu/h-x86_64-mingw32/bin/../lib/gcc/nios2-elf/5.3.0/../../../../../H-x86_64-mingw32/nios2-elf/lib/mno-hw-mul\libsmallc.a(lib_a-strlen.o)

.debug_macinfo
 *(.debug_macinfo)

.debug_weaknames
 *(.debug_weaknames)

.debug_funcnames
 *(.debug_funcnames)

.debug_typenames
 *(.debug_typenames)

.debug_varnames
 *(.debug_varnames)

.debug_alt_sim_info
                0x0000000000000000       0x10
 *(.debug_alt_sim_info)
 .debug_alt_sim_info
                0x0000000000000000       0x10 ../led_accelerometer_bsp//obj/HAL/src/crt0.o
                0x0000000000020000                __alt_data_end = 0x20000
                0x0000000000020000                PROVIDE (__alt_stack_pointer, __alt_data_end)
                [!provide]                        PROVIDE (__alt_stack_limit, __alt_stack_base)
                [!provide]                        PROVIDE (__alt_heap_start, end)
                [!provide]                        PROVIDE (__alt_heap_limit, 0x20000)
OUTPUT(led_accelerometer.elf elf32-littlenios2)

.debug_ranges   0x0000000000000000      0x158
 .debug_ranges  0x0000000000000000       0x20 ../led_accelerometer_bsp//obj/HAL/src/crt0.o
 .debug_ranges  0x0000000000000020       0x18 obj/default/led_accelerometer_main.o
 .debug_ranges  0x0000000000000038       0x48 ../led_accelerometer_bsp/\libhal_bsp.a(alt_load.o)
 .debug_ranges  0x0000000000000080       0x18 ../led_accelerometer_bsp/\libhal_bsp.a(alt_sys_init.o)
 .debug_ranges  0x0000000000000098       0x20 ../led_accelerometer_bsp/\libhal_bsp.a(alt_dev_llist_insert.o)
 .debug_ranges  0x00000000000000b8       0x28 ../led_accelerometer_bsp/\libhal_bsp.a(alt_irq_entry.o)
 .debug_ranges  0x00000000000000e0       0x10 ../led_accelerometer_bsp/\libhal_bsp.a(alt_irq_handler.o)
 .debug_ranges  0x00000000000000f0       0x30 ../led_accelerometer_bsp/\libhal_bsp.a(alt_exception_entry.o)
 .debug_ranges  0x0000000000000120       0x18 ../led_accelerometer_bsp/\libhal_bsp.a(alt_instruction_exception_entry.o)
 .debug_ranges  0x0000000000000138       0x10 c:/intelfpga_lite/18.1/nios2eds/bin/gnu/h-x86_64-mingw32/bin/../lib/gcc/nios2-elf/5.3.0/../../../../../H-x86_64-mingw32/nios2-elf/lib/mno-hw-mul\libsmallc.a(lib_a-memcmp.o)
 .debug_ranges  0x0000000000000148       0x10 c:/intelfpga_lite/18.1/nios2eds/bin/gnu/h-x86_64-mingw32/bin/../lib/gcc/nios2-elf/5.3.0/../../../../../H-x86_64-mingw32/nios2-elf/lib/mno-hw-mul\libsmallc.a(lib_a-strlen.o)
